Operations to perform:
  Synchronize unmigrated apps: grappelli, messages, mysite, staticfiles
  Apply all migrations: admin, auth, contenttypes, polls, sessions
Synchronizing apps without migrations:
  Creating tables...
    Running deferred SQL...
Running migrations:
  Applying contenttypes.0001_initial... OK
  Applying auth.0001_initial... OK
  Applying admin.0001_initial... OK
  Applying admin.0002_logentry_remove_auto_add... OK
  Applying admin.0003_logentry_add_action_flag_choices... OK
  Applying contenttypes.0002_remove_content_type_name... OK
  Applying auth.0002_alter_permission_name_max_length... OK
  Applying auth.0003_alter_user_email_max_length... OK
  Applying auth.0004_alter_user_username_opts... OK
  Applying auth.0005_alter_user_last_login_null... OK
  Applying auth.0006_require_contenttypes_0002... OK
  Applying auth.0007_alter_validators_add_error_messages... OK
  Applying auth.0008_alter_user_username_max_length... OK
  Applying auth.0009_alter_user_last_name_max_length... OK
  Applying auth.0010_alter_group_name_max_length... OK
  Applying auth.0011_update_proxy_permissions... OK
  Applying auth.0012_alter_user_first_name_max_length... OK
  Applying polls.0001_initial... OK
  Applying polls.0002_auto_20210315_2350... OK
  Applying polls.0003_auto_20210403_0327... OK
  Applying polls.0004_article_article_author... OK
  Applying polls.0005_remove_article_article_author... OK
  Applying polls.0006_article_article_author... OK
  Applying polls.0007_auto_20210406_1906... OK
  Applying sessions.0001_initial... OK
System check identified no issues (0 silenced).
setup
testing article
test
test file 2 is working
<function create_article at 0x02FD5E80>
<function detail at 0x02FD5EC8>
<function index at 0x02FD5A00>
<function keys at 0x02FD5F10>
<RawQuerySet: SELECT * FROM polls_article WHERE article_text LIKE %%test%%>
<function logingin at 0x02FD5DF0>
<function logingout at 0x02FD5E38>
<function register at 0x02FD5DA8>
test file is working
Operations to perform:
  Synchronize unmigrated apps: grappelli, messages, mysite, staticfiles
  Apply all migrations: admin, auth, contenttypes, polls, sessions
Synchronizing apps without migrations:
  Creating tables...
    Running deferred SQL...
Running migrations:
  Applying contenttypes.0001_initial... OK
  Applying auth.0001_initial... OK
  Applying admin.0001_initial... OK
  Applying admin.0002_logentry_remove_auto_add... OK
  Applying admin.0003_logentry_add_action_flag_choices... OK
  Applying contenttypes.0002_remove_content_type_name... OK
  Applying auth.0002_alter_permission_name_max_length... OK
  Applying auth.0003_alter_user_email_max_length... OK
  Applying auth.0004_alter_user_username_opts... OK
  Applying auth.0005_alter_user_last_login_null... OK
  Applying auth.0006_require_contenttypes_0002... OK
  Applying auth.0007_alter_validators_add_error_messages... OK
  Applying auth.0008_alter_user_username_max_length... OK
  Applying auth.0009_alter_user_last_name_max_length... OK
  Applying auth.0010_alter_group_name_max_length... OK
  Applying auth.0011_update_proxy_permissions... OK
  Applying auth.0012_alter_user_first_name_max_length... OK
  Applying polls.0001_initial... OK
  Applying polls.0002_auto_20210315_2350... OK
  Applying polls.0003_auto_20210403_0327... OK
  Applying polls.0004_article_article_author... OK
  Applying polls.0005_remove_article_article_author... OK
  Applying polls.0006_article_article_author... OK
  Applying polls.0007_auto_20210406_1906... OK
  Applying sessions.0001_initial... OK
System check identified no issues (0 silenced).
setup
testing article
test
test file 2 is working
<function create_article at 0x02DA5E80>
<function detail at 0x02DA5EC8>
<function index at 0x02DA5A00>
<function keys at 0x02DA5F10>
<RawQuerySet: SELECT * FROM polls_article WHERE article_text LIKE %%test%%>
<function logingin at 0x02DA5DF0>
<function logingout at 0x02DA5E38>
<function register at 0x02DA5DA8>
test file is working
